$ tsx watch src/main.ts
◇ injected env (0) from .env // tip: ⌘ suppress logs { quiet: true }
Servidor corriendo en puerto 5000
Conectado a PostgreSQL
Conectado a PostgreSQL
error: column e.cell does not exist
    at C:\Users\SISTEMAS\Documents\dusakawi\dusakawi-epsi-asistencia\backend\node_modules\.pnpm\pg-pool@3.14.0_pg@8.22.0\node_modules\pg-pool\index.js:45:11
    at process.processTicksAndRejections (node:internal/process/task_queues:104:5)
    at async C:\Users\SISTEMAS\Documents\dusakawi\dusakawi-epsi-asistencia\backend\src\routes\pdfRoutes.js:478:20 {
  length: 105,
  severity: 'ERROR',
  code: '42703',
  detail: undefined,
  hint: undefined,
  position: '120',
  internalPosition: undefined,
  internalQuery: undefined,
  where: undefined,
  schema: undefined,
  table: undefined,
  column: undefined,
  dataType: undefined,
  constraint: undefined,
  file: 'parse_relation.c',
  line: '3722',
  routine: 'errorMissingColumn'
}
2:35:32 p. m. [tsx] change in ./src\routes\pdfRoutes.js Restarting...
◇ injected env (0) from .env // tip: ◈ encrypted .env [www.dotenvx.com]
Servidor corriendo en puerto 5000
2:38:16 p. m. [tsx] change in ./src\modules\users\infrastructure\mappers\prisma\prisma-user.mapper.ts Rerunning...
◇ injected env (0) from .env // tip: ⌘ suppress logs { quiet: true }
Servidor corriendo en puerto 5000
2:39:52 p. m. [tsx] change in ./src\modules\users\infrastructure\mappers\prisma\prisma-user.mapper.ts Rerunning...
◇ injected env (0) from .env // tip: ⌘ multiple files { path: ['.env.local', '.env'] }
Servidor corriendo en puerto 5000
3:27:20 p. m. [tsx] change in ./src\services\empleadoService.js Rerunning...
3:27:24 p. m. [tsx] change in ./src\services\empleadoService.js Restarting...
3:27:27 p. m. [tsx] change in ./src\services\empleadoService.js Restarting...
◇ injected env (0) from .env // tip: ⌘ multiple files { path: ['.env.local', '.env'] }
Servidor corriendo en puerto 5000
3:27:34 p. m. [tsx] change in ./src\controllers\asistenciaController.js Rerunning...
◇ injected env (0) from .env // tip: ⌘ custom filepath { path: '/custom/path/.env' }
Servidor corriendo en puerto 5000
3:27:38 p. m. [tsx] change in ./src\controllers\asistenciaController.js Rerunning...
◇ injected env (0) from .env // tip: ⌘ multiple files { path: ['.env.local', '.env'] }
Servidor corriendo en puerto 5000
3:27:43 p. m. [tsx] change in ./src\controllers\reportesController.js Restarting...
◇ injected env (0) from .env // tip: ◈ secrets for agents [www.dotenvx.com]
Servidor corriendo en puerto 5000
3:27:47 p. m. [tsx] change in ./src\controllers\reportesController.js Rerunning...
◇ injected env (0) from .env // tip: ◈ encrypted .env [www.dotenvx.com]
Servidor corriendo en puerto 5000
3:27:52 p. m. [tsx] change in ./src\controllers\reportesController.js Restarting...
◇ injected env (0) from .env // tip: ⌘ suppress logs { quiet: true }
Servidor corriendo en puerto 5000
3:27:56 p. m. [tsx] change in ./src\controllers\reportesController.js Rerunning...
◇ injected env (0) from .env // tip: ⌘ custom filepath { path: '/custom/path/.env' }
Servidor corriendo en puerto 5000
3:28:00 p. m. [tsx] change in ./src\controllers\reportesController.js Restarting...
◇ injected env (0) from .env // tip: ◈ encrypted .env [www.dotenvx.com]
Servidor corriendo en puerto 5000
3:28:05 p. m. [tsx] change in ./src\controllers\reportesController.js Rerunning...
◇ injected env (0) from .env // tip: ◈ secrets for agents [www.dotenvx.com]
Servidor corriendo en puerto 5000
3:28:10 p. m. [tsx] change in ./src\controllers\reportesController.js Restarting...
◇ injected env (0) from .env // tip: ◈ secrets for agents [www.dotenvx.com]
Servidor corriendo en puerto 5000
3:28:13 p. m. [tsx] change in ./src\controllers\reportesController.js Restarting...
◇ injected env (0) from .env // tip: ⌁ auth for agents [www.vestauth.com]
Servidor corriendo en puerto 5000
3:28:28 p. m. [tsx] change in ./src\controllers\reportesController.js Rerunning...
◇ injected env (0) from .env // tip: ◈ secrets for agents [www.dotenvx.com]
Servidor corriendo en puerto 5000
3:28:47 p. m. [tsx] change in ./src\controllers\reportesController.js Rerunning...
◇ injected env (0) from .env // tip: ⌁ auth for agents [www.vestauth.com]
Servidor corriendo en puerto 5000
3:28:50 p. m. [tsx] change in ./src\controllers\reportesController.js Rerunning...
◇ injected env (0) from .env // tip: ⌁ auth for agents [www.vestauth.com]
Servidor corriendo en puerto 5000
3:28:55 p. m. [tsx] change in ./src\controllers\reportesController.js Restarting...
◇ injected env (0) from .env // tip: ◈ secrets for agents [www.dotenvx.com]
Servidor corriendo en puerto 5000
3:29:02 p. m. [tsx] change in ./src\controllers\reportesController.js Rerunning...
◇ injected env (0) from .env // tip: ⌁ auth for agents [www.vestauth.com]
Servidor corriendo en puerto 5000
3:29:12 p. m. [tsx] change in ./src\controllers\reportesController.js Restarting...
◇ injected env (0) from .env // tip: ⌘ enable debugging { debug: true }
Servidor corriendo en puerto 5000
Conectado a PostgreSQL
3:29:23 p. m. [tsx] change in ./src\controllers\reportesController.js Restarting...
◇ injected env (0) from .env // tip: ◈ secrets for agents [www.dotenvx.com]
Servidor corriendo en puerto 5000
3:29:28 p. m. [tsx] change in ./src\controllers\reportesController.js Rerunning...
◇ injected env (0) from .env // tip: ◈ encrypted .env [www.dotenvx.com]
Servidor corriendo en puerto 5000
3:29:33 p. m. [tsx] change in ./src\controllers\reportesController.js Restarting...
◇ injected env (0) from .env // tip: ⌁ auth for agents [www.vestauth.com]
Servidor corriendo en puerto 5000
3:29:37 p. m. [tsx] change in ./src\controllers\reportesController.js Rerunning...
◇ injected env (0) from .env // tip: ◈ encrypted .env [www.dotenvx.com]
Servidor corriendo en puerto 5000
3:29:41 p. m. [tsx] change in ./src\controllers\reportesController.js Rerunning...
◇ injected env (0) from .env // tip: ⌘ suppress logs { quiet: true }
Servidor corriendo en puerto 5000
3:29:44 p. m. [tsx] change in ./src\controllers\reportesController.js Restarting...
◇ injected env (0) from .env // tip: ⌘ override existing { override: true }
Servidor corriendo en puerto 5000
3:29:48 p. m. [tsx] change in ./src\controllers\reportesController.js Rerunning...
◇ injected env (0) from .env // tip: ⌘ enable debugging { debug: true }
Servidor corriendo en puerto 5000
3:29:55 p. m. [tsx] change in ./src\controllers\reportesController.js Restarting...
◇ injected env (0) from .env // tip: ⌘ override existing { override: true }
Servidor corriendo en puerto 5000
3:30:06 p. m. [tsx] change in ./src\controllers\reportesController.js Rerunning...
◇ injected env (0) from .env // tip: ⌁ auth for agents [www.vestauth.com]
Servidor corriendo en puerto 5000
3:30:13 p. m. [tsx] change in ./src\controllers\reportesController.js Rerunning...
◇ injected env (0) from .env // tip: ⌘ custom filepath { path: '/custom/path/.env' }
Servidor corriendo en puerto 5000
Conectado a PostgreSQL
3:30:22 p. m. [tsx] change in ./src\routes\pdfRoutes.js Restarting...
◇ injected env (0) from .env // tip: ◈ secrets for agents [www.dotenvx.com]
Servidor corriendo en puerto 5000
3:30:26 p. m. [tsx] change in ./src\routes\pdfRoutes.js Rerunning...
◇ injected env (0) from .env // tip: ⌘ suppress logs { quiet: true }
Servidor corriendo en puerto 5000
3:30:29 p. m. [tsx] change in ./src\routes\pdfRoutes.js Restarting...
◇ injected env (0) from .env // tip: ⌘ custom filepath { path: '/custom/path/.env' }
Servidor corriendo en puerto 5000
3:30:39 p. m. [tsx] change in ./src\routes\pdfRoutes.js Rerunning...
◇ injected env (0) from .env // tip: ◈ secrets for agents [www.dotenvx.com]
Servidor corriendo en puerto 5000
Conectado a PostgreSQL
3:30:48 p. m. [tsx] change in ./src\routes\pdfRoutes.js Restarting...
◇ injected env (0) from .env // tip: ⌘ enable debugging { debug: true }
Servidor corriendo en puerto 5000
3:30:51 p. m. [tsx] change in ./src\routes\pdfRoutes.js Rerunning...
◇ injected env (0) from .env // tip: ⌘ enable debugging { debug: true }
Servidor corriendo en puerto 5000
3:30:55 p. m. [tsx] change in ./src\routes\pdfRoutes.js Restarting...
◇ injected env (0) from .env // tip: ⌘ enable debugging { debug: true }
Servidor corriendo en puerto 5000
3:31:00 p. m. [tsx] change in ./src\routes\pdfRoutes.js Restarting...
◇ injected env (0) from .env // tip: ⌘ suppress logs { quiet: true }
Servidor corriendo en puerto 5000
3:31:05 p. m. [tsx] change in ./src\routes\pdfRoutes.js Rerunning...
◇ injected env (0) from .env // tip: ⌘ suppress logs { quiet: true }
Servidor corriendo en puerto 5000
3:31:09 p. m. [tsx] change in ./src\routes\pdfRoutes.js Rerunning...
◇ injected env (0) from .env // tip: ⌁ auth for agents [www.vestauth.com]
Servidor corriendo en puerto 5000
3:31:12 p. m. [tsx] change in ./src\routes\pdfRoutes.js Restarting...
◇ injected env (0) from .env // tip: ⌘ override existing { override: true }
Servidor corriendo en puerto 5000
3:31:18 p. m. [tsx] change in ./src\routes\pdfRoutes.js Rerunning...
◇ injected env (0) from .env // tip: ⌘ override existing { override: true }
Servidor corriendo en puerto 5000
3:31:23 p. m. [tsx] change in ./src\routes\pdfRoutes.js Restarting...
◇ injected env (0) from .env // tip: ◈ encrypted .env [www.dotenvx.com]
Servidor corriendo en puerto 5000
3:31:28 p. m. [tsx] change in ./src\routes\pdfRoutes.js Rerunning...
◇ injected env (0) from .env // tip: ⌘ enable debugging { debug: true }
Servidor corriendo en puerto 5000
3:31:33 p. m. [tsx] change in ./src\routes\pdfRoutes.js Restarting...
◇ injected env (0) from .env // tip: ⌘ multiple files { path: ['.env.local', '.env'] }
Servidor corriendo en puerto 5000
3:31:36 p. m. [tsx] change in ./src\routes\pdfRoutes.js Rerunning...
◇ injected env (0) from .env // tip: ⌘ multiple files { path: ['.env.local', '.env'] }
Servidor corriendo en puerto 5000
3:31:40 p. m. [tsx] change in ./src\routes\pdfRoutes.js Restarting...
◇ injected env (0) from .env // tip: ⌘ override existing { override: true }
Servidor corriendo en puerto 5000
3:31:43 p. m. [tsx] change in ./src\routes\pdfRoutes.js Rerunning...
◇ injected env (0) from .env // tip: ⌘ override existing { override: true }
Servidor corriendo en puerto 5000
Conectado a PostgreSQL
Conectado a PostgreSQL
Conectado a PostgreSQL
Conectado a PostgreSQL
Conectado a PostgreSQL
Conectado a PostgreSQL
Conectado a PostgreSQL
Conectado a PostgreSQL
Conectado a PostgreSQL
Conectado a PostgreSQL
Conectado a PostgreSQL
Conectado a PostgreSQL
Conectado a PostgreSQL
Conectado a PostgreSQL
Conectado a PostgreSQL
Conectado a PostgreSQL
Conectado a PostgreSQL
Conectado a PostgreSQL
Conectado a PostgreSQL
Conectado a PostgreSQL
Conectado a PostgreSQL
Conectado a PostgreSQL
Conectado a PostgreSQL
Conectado a PostgreSQL
Conectado a PostgreSQL
Conectado a PostgreSQL
Conectado a PostgreSQL
Conectado a PostgreSQL
Conectado a PostgreSQL
Conectado a PostgreSQL
Conectado a PostgreSQL
Conectado a PostgreSQL
Conectado a PostgreSQL
Conectado a PostgreSQL
Conectado a PostgreSQL
Conectado a PostgreSQL
Conectado a PostgreSQL
4:08:40 p. m. [tsx] change in ./src\config\injections.ts Restarting...
4:08:40 p. m. [tsx] change in ./src\config\injections.ts Restarting...
4:08:41 p. m. [tsx] change in ./src\main.ts Restarting...
◇ injected env (0) from .env // tip: ⌘ multiple files { path: ['.env.local', '.env'] }
4:08:42 p. m. [tsx] change in ./src\main.ts Restarting...
◇ injected env (0) from .env // tip: ◈ secrets for agents [www.dotenvx.com]
Servidor corriendo en puerto 5000
4:09:00 p. m. [tsx] change in ./src\modules\cargos\application\use-cases\create-cargo\create-cargo-command.handler.ts Rerunning...
4:09:01 p. m. [tsx] change in ./src\modules\cargos\infrastructure\persistence\repositories\prisma\prisma-cargo-repository.ts Restarting...
◇ injected env (0) from .env // tip: ⌘ enable debugging { debug: true }
Servidor corriendo en puerto 5000
Conectado a PostgreSQL
Conectado a PostgreSQL
Conectado a PostgreSQL
SyntaxError: Expected property name or '}' in JSON at position 1 (line 1 column 2)
    at JSON.parse (<anonymous>)
    at parse (C:\Users\SISTEMAS\Documents\dusakawi\dusakawi-epsi-asistencia\backend\node_modules\.pnpm\body-parser@2.3.0\node_modules\body-parser\lib\types\json.js:91:21)
    at C:\Users\SISTEMAS\Documents\dusakawi\dusakawi-epsi-asistencia\backend\node_modules\.pnpm\body-parser@2.3.0\node_modules\body-parser\lib\read.js:162:18
    at AsyncResource.runInAsyncScope (node:async_hooks:227:14)
    at invokeCallback (C:\Users\SISTEMAS\Documents\dusakawi\dusakawi-epsi-asistencia\backend\node_modules\.pnpm\raw-body@3.0.2\node_modules\raw-body\index.js:238:16)
    at done (C:\Users\SISTEMAS\Documents\dusakawi\dusakawi-epsi-asistencia\backend\node_modules\.pnpm\raw-body@3.0.2\node_modules\raw-body\index.js:227:7)
    at IncomingMessage.onEnd (C:\Users\SISTEMAS\Documents\dusakawi\dusakawi-epsi-asistencia\backend\node_modules\.pnpm\raw-body@3.0.2\node_modules\raw-body\index.js:287:7)
    at IncomingMessage.emit (node:events:509:28)
    at endReadableNT (node:internal/streams/readable:1736:12)
    at process.processTicksAndRejections (node:internal/process/task_queues:90:21) {
  expose: true,
  statusCode: 400,
  status: 400,
  body: '{nombre:QA PARITY TEST 20260923161215,descripcion:temporal de paridad v2}',
  type: 'entity.parse.failed'
}
SyntaxError: Expected property name or '}' in JSON at position 1 (line 1 column 2)
    at JSON.parse (<anonymous>)
    at parse (C:\Users\SISTEMAS\Documents\dusakawi\dusakawi-epsi-asistencia\backend\node_modules\.pnpm\body-parser@2.3.0\node_modules\body-parser\lib\types\json.js:91:21)
    at C:\Users\SISTEMAS\Documents\dusakawi\dusakawi-epsi-asistencia\backend\node_modules\.pnpm\body-parser@2.3.0\node_modules\body-parser\lib\read.js:162:18
    at AsyncResource.runInAsyncScope (node:async_hooks:227:14)
    at invokeCallback (C:\Users\SISTEMAS\Documents\dusakawi\dusakawi-epsi-asistencia\backend\node_modules\.pnpm\raw-body@3.0.2\node_modules\raw-body\index.js:238:16)
    at done (C:\Users\SISTEMAS\Documents\dusakawi\dusakawi-epsi-asistencia\backend\node_modules\.pnpm\raw-body@3.0.2\node_modules\raw-body\index.js:227:7)
    at IncomingMessage.onEnd (C:\Users\SISTEMAS\Documents\dusakawi\dusakawi-epsi-asistencia\backend\node_modules\.pnpm\raw-body@3.0.2\node_modules\raw-body\index.js:287:7)
    at IncomingMessage.emit (node:events:509:28)
    at endReadableNT (node:internal/streams/readable:1736:12)
    at process.processTicksAndRejections (node:internal/process/task_queues:90:21) {
  expose: true,
  statusCode: 400,
  status: 400,
  body: '{nombre:QA PARITY TEST 20260923161215,descripcion:temporal de paridad v2}',
  type: 'entity.parse.failed'
}
error: null value in column "name" of relation "positions" violates not-null constraint
    at C:\Users\SISTEMAS\Documents\dusakawi\dusakawi-epsi-asistencia\backend\node_modules\.pnpm\pg-pool@3.14.0_pg@8.22.0\node_modules\pg-pool\index.js:45:11
    at process.processTicksAndRejections (node:internal/process/task_queues:104:5)
    at async exports.crear (C:\Users\SISTEMAS\Documents\dusakawi\dusakawi-epsi-asistencia\backend\src\services\cargoService.js:46:26)
    at async exports.crear (C:\Users\SISTEMAS\Documents\dusakawi\dusakawi-epsi-asistencia\backend\src\controllers\cargoController.js:36:16) {
  length: 288,
  severity: 'ERROR',
  code: '23502',
  detail: 'Failing row contains (9902db65-c4a8-49dc-ac22-a8873c0e8d60, null, , t, null, 2026-09-23 21:12:36.871704+00, null).',
  hint: undefined,
  position: undefined,
  internalPosition: undefined,
  internalQuery: undefined,
  where: undefined,
  schema: 'asistencia',
  table: 'positions',
  column: 'name',
  dataType: undefined,
  constraint: undefined,
  file: 'execMain.c',
  line: '2057',
  routine: 'ExecConstraints'
}
Error: El nombre del cargo es obligatorio
    at CreateCargoCommandHandler.handle (C:\Users\SISTEMAS\Documents\dusakawi\dusakawi-epsi-asistencia\backend\src\modules\cargos\application\use-cases\create-cargo\create-cargo-command.handler.ts:18:13)
    at create (C:\Users\SISTEMAS\Documents\dusakawi\dusakawi-epsi-asistencia\backend\src\modules\cargos\presentation\controllers\cargos.controller.ts:55:37)
    at Layer.handleRequest (C:\Users\SISTEMAS\Documents\dusakawi\dusakawi-epsi-asistencia\backend\node_modules\.pnpm\router@2.2.0\node_modules\router\lib\layer.js:152:17)
    at next (C:\Users\SISTEMAS\Documents\dusakawi\dusakawi-epsi-asistencia\backend\node_modules\.pnpm\router@2.2.0\node_modules\router\lib\route.js:157:13)
    at Route.dispatch (C:\Users\SISTEMAS\Documents\dusakawi\dusakawi-epsi-asistencia\backend\node_modules\.pnpm\router@2.2.0\node_modules\router\lib\route.js:117:3)
    at handle (C:\Users\SISTEMAS\Documents\dusakawi\dusakawi-epsi-asistencia\backend\node_modules\.pnpm\router@2.2.0\node_modules\router\index.js:435:11)
    at Layer.handleRequest (C:\Users\SISTEMAS\Documents\dusakawi\dusakawi-epsi-asistencia\backend\node_modules\.pnpm\router@2.2.0\node_modules\router\lib\layer.js:152:17)
    at C:\Users\SISTEMAS\Documents\dusakawi\dusakawi-epsi-asistencia\backend\node_modules\.pnpm\router@2.2.0\node_modules\router\index.js:295:15
    at processParams (C:\Users\SISTEMAS\Documents\dusakawi\dusakawi-epsi-asistencia\backend\node_modules\.pnpm\router@2.2.0\node_modules\router\index.js:582:12)
    at next (C:\Users\SISTEMAS\Documents\dusakawi\dusakawi-epsi-asistencia\backend\node_modules\.pnpm\router@2.2.0\node_modules\router\index.js:291:5)
Conectado a PostgreSQL
PrismaClientKnownRequestError: 
Invalid `prisma.positions.create()` invocation in
C:\Users\SISTEMAS\Documents\dusakawi\dusakawi-epsi-asistencia\backend\src\modules\cargos\infrastructure\persistence\repositories\prisma\prisma-cargo-repository.ts:33:44

  30 }
  31 
  32 async create(cargo: Cargo): Promise<Uuid> {
→ 33   const created = await prisma.positions.create(
Unique constraint failed on the fields: (`name`)
    at Jr.handleRequestError (C:\Users\SISTEMAS\Documents\dusakawi\dusakawi-epsi-asistencia\backend\node_modules\.pnpm\@prisma+client@7.9.1_prisma_95562c72a0ed400c732b430e6dcd2de0\node_modules\@prisma\client\src\runtime\RequestHandler.ts:237:13)
    at Jr.handleAndLogRequestError (C:\Users\SISTEMAS\Documents\dusakawi\dusakawi-epsi-asistencia\backend\node_modules\.pnpm\@prisma+client@7.9.1_prisma_95562c72a0ed400c732b430e6dcd2de0\node_modules\@prisma\client\src\runtime\RequestHandler.ts:183:12)
    at Jr.request (C:\Users\SISTEMAS\Documents\dusakawi\dusakawi-epsi-asistencia\backend\node_modules\.pnpm\@prisma+client@7.9.1_prisma_95562c72a0ed400c732b430e6dcd2de0\node_modules\@prisma\client\src\runtime\RequestHandler.ts:152:12)
    at process.processTicksAndRejections (node:internal/process/task_queues:104:5)
    at async a (C:\Users\SISTEMAS\Documents\dusakawi\dusakawi-epsi-asistencia\backend\node_modules\.pnpm\@prisma+client@7.9.1_prisma_95562c72a0ed400c732b430e6dcd2de0\node_modules\@prisma\client\src\runtime\getPrismaClient.ts:1014:24)
    at async PrismaCargoRepository.create (C:\Users\SISTEMAS\Documents\dusakawi\dusakawi-epsi-asistencia\backend\src\modules\cargos\infrastructure\persistence\repositories\prisma\prisma-cargo-repository.ts:33:21)
    at async CreateCargoCommandHandler.handle (C:\Users\SISTEMAS\Documents\dusakawi\dusakawi-epsi-asistencia\backend\src\modules\cargos\application\use-cases\create-cargo\create-cargo-command.handler.ts:23:16)
    at async create (C:\Users\SISTEMAS\Documents\dusakawi\dusakawi-epsi-asistencia\backend\src\modules\cargos\presentation\controllers\cargos.controller.ts:55:23) {
  code: 'P2002',
  meta: {
    modelName: 'positions',
    driverAdapterError: DriverAdapterError: UniqueConstraintViolation
        at PrismaPgAdapter.onError (file:///C:/Users/SISTEMAS/Documents/dusakawi/dusakawi-epsi-asistencia/backend/node_modules/.pnpm/@prisma+adapter-pg@7.9.1/node_modules/@prisma/adapter-pg/dist/index.mjs:639:11)
        at PrismaPgAdapter.performIO (file:///C:/Users/SISTEMAS/Documents/dusakawi/dusakawi-epsi-asistencia/backend/node_modules/.pnpm/@prisma+adapter-pg@7.9.1/node_modules/@prisma/adapter-pg/dist/index.mjs:634:12)
        at process.processTicksAndRejections (node:internal/process/task_queues:104:5)
        at async PrismaPgAdapter.queryRaw (file:///C:/Users/SISTEMAS/Documents/dusakawi/dusakawi-epsi-asistencia/backend/node_modules/.pnpm/@prisma+adapter-pg@7.9.1/node_modules/@prisma/adapter-pg/dist/index.mjs:568:30)
        at async e.interpretNode (C:\Users\SISTEMAS\Documents\dusakawi\dusakawi-epsi-asistencia\backend\node_modules\.pnpm\@prisma+client@7.9.1_prisma_95562c72a0ed400c732b430e6dcd2de0\node_modules\@prisma\client-engine-runtime\src\interpreter\query-interpreter.ts:186:26)
        at async e.interpretNode (C:\Users\SISTEMAS\Documents\dusakawi\dusakawi-epsi-asistencia\backend\node_modules\.pnpm\@prisma+client@7.9.1_prisma_95562c72a0ed400c732b430e6dcd2de0\node_modules\@prisma\client-engine-runtime\src\interpreter\query-interpreter.ts:213:41)
        at async e.interpretNode (C:\Users\SISTEMAS\Documents\dusakawi\dusakawi-epsi-asistencia\backend\node_modules\.pnpm\@prisma+client@7.9.1_prisma_95562c72a0ed400c732b430e6dcd2de0\node_modules\@prisma\client-engine-runtime\src\interpreter\query-interpreter.ts:272:41)
        at async e.run (C:\Users\SISTEMAS\Documents\dusakawi\dusakawi-epsi-asistencia\backend\node_modules\.pnpm\@prisma+client@7.9.1_prisma_95562c72a0ed400c732b430e6dcd2de0\node_modules\@prisma\client-engine-runtime\src\interpreter\query-interpreter.ts:94:23)
        at async e.execute (C:\Users\SISTEMAS\Documents\dusakawi\dusakawi-epsi-asistencia\backend\node_modules\.pnpm\@prisma+client@7.9.1_prisma_95562c72a0ed400c732b430e6dcd2de0\node_modules\@prisma\client\src\runtime\core\engines\client\LocalExecutor.ts:81:12)
        at async Ut.request (C:\Users\SISTEMAS\Documents\dusakawi\dusakawi-epsi-asistencia\backend\node_modules\.pnpm\@prisma+client@7.9.1_prisma_95562c72a0ed400c732b430e6dcd2de0\node_modules\@prisma\client\src\runtime\core\engines\client\ClientEngine.ts:510:22) {
      cause: [Object]
    }
  },
  clientVersion: '7.9.1'
}
error: update or delete on table "positions" violates foreign key constraint "users_position_id_fkey" on table "users"
    at C:\Users\SISTEMAS\Documents\dusakawi\dusakawi-epsi-asistencia\backend\node_modules\.pnpm\pg-pool@3.14.0_pg@8.22.0\node_modules\pg-pool\index.js:45:11
    at process.processTicksAndRejections (node:internal/process/task_queues:104:5)
    at async exports.eliminar (C:\Users\SISTEMAS\Documents\dusakawi\dusakawi-epsi-asistencia\backend\src\services\cargoService.js:75:3)
    at async exports.eliminar (C:\Users\SISTEMAS\Documents\dusakawi\dusakawi-epsi-asistencia\backend\src\controllers\cargoController.js:67:5) {
  length: 312,
  severity: 'ERROR',
  code: '23503',
  detail: 'Key (id)=(77184ec5-bd12-4f66-a51e-1fc102b727d2) is still referenced from table "users".',
  hint: undefined,
  position: undefined,
  internalPosition: undefined,
  internalQuery: undefined,
  where: undefined,
  schema: 'asistencia',
  table: 'users',
  column: undefined,
  dataType: undefined,
  constraint: 'users_position_id_fkey',
  file: 'ri_triggers.c',
  line: '2621',
  routine: 'ri_ReportViolation'
}
CargoInUseError: El cargo está asignado a uno o más empleados
    at PrismaCargoRepository.delete (C:\Users\SISTEMAS\Documents\dusakawi\dusakawi-epsi-asistencia\backend\src\modules\cargos\infrastructure\persistence\repositories\prisma\prisma-cargo-repository.ts:63:15)
    at process.processTicksAndRejections (node:internal/process/task_queues:104:5)
    at async DeleteCargoCommandHandler.handle (C:\Users\SISTEMAS\Documents\dusakawi\dusakawi-epsi-asistencia\backend\src\modules\cargos\application\use-cases\delete-cargo\delete-cargo-command.handler.ts:12:5)
    at async deleteCargo (C:\Users\SISTEMAS\Documents\dusakawi\dusakawi-epsi-asistencia\backend\src\modules\cargos\presentation\controllers\cargos.controller.ts:87:23) {
  metadata: undefined,
  code: 'CARGO_IN_USE'
}
Conectado a PostgreSQL
error: update or delete on table "positions" violates foreign key constraint "users_position_id_fkey" on table "users"
    at C:\Users\SISTEMAS\Documents\dusakawi\dusakawi-epsi-asistencia\backend\node_modules\.pnpm\pg-pool@3.14.0_pg@8.22.0\node_modules\pg-pool\index.js:45:11
    at process.processTicksAndRejections (node:internal/process/task_queues:104:5)
    at async exports.eliminar (C:\Users\SISTEMAS\Documents\dusakawi\dusakawi-epsi-asistencia\backend\src\services\cargoService.js:75:3)
    at async exports.eliminar (C:\Users\SISTEMAS\Documents\dusakawi\dusakawi-epsi-asistencia\backend\src\controllers\cargoController.js:67:5) {
  length: 312,
  severity: 'ERROR',
  code: '23503',
  detail: 'Key (id)=(77184ec5-bd12-4f66-a51e-1fc102b727d2) is still referenced from table "users".',
  hint: undefined,
  position: undefined,
  internalPosition: undefined,
  internalQuery: undefined,
  where: undefined,
  schema: 'asistencia',
  table: 'users',
  column: undefined,
  dataType: undefined,
  constraint: 'users_position_id_fkey',
  file: 'ri_triggers.c',
  line: '2621',
  routine: 'ri_ReportViolation'
}
CargoInUseError: El cargo está asignado a uno o más empleados
    at PrismaCargoRepository.delete (C:\Users\SISTEMAS\Documents\dusakawi\dusakawi-epsi-asistencia\backend\src\modules\cargos\infrastructure\persistence\repositories\prisma\prisma-cargo-repository.ts:63:15)
    at process.processTicksAndRejections (node:internal/process/task_queues:104:5)
    at async DeleteCargoCommandHandler.handle (C:\Users\SISTEMAS\Documents\dusakawi\dusakawi-epsi-asistencia\backend\src\modules\cargos\application\use-cases\delete-cargo\delete-cargo-command.handler.ts:12:5)
    at async deleteCargo (C:\Users\SISTEMAS\Documents\dusakawi\dusakawi-epsi-asistencia\backend\src\modules\cargos\presentation\controllers\cargos.controller.ts:87:23) {
  metadata: undefined,
  code: 'CARGO_IN_USE'
}
Conectado a PostgreSQL
error: update or delete on table "positions" violates foreign key constraint "users_position_id_fkey" on table "users"
    at C:\Users\SISTEMAS\Documents\dusakawi\dusakawi-epsi-asistencia\backend\node_modules\.pnpm\pg-pool@3.14.0_pg@8.22.0\node_modules\pg-pool\index.js:45:11
    at process.processTicksAndRejections (node:internal/process/task_queues:104:5)
    at async exports.eliminar (C:\Users\SISTEMAS\Documents\dusakawi\dusakawi-epsi-asistencia\backend\src\services\cargoService.js:75:3)
    at async exports.eliminar (C:\Users\SISTEMAS\Documents\dusakawi\dusakawi-epsi-asistencia\backend\src\controllers\cargoController.js:67:5) {
  length: 312,
  severity: 'ERROR',
  code: '23503',
  detail: 'Key (id)=(77184ec5-bd12-4f66-a51e-1fc102b727d2) is still referenced from table "users".',
  hint: undefined,
  position: undefined,
  internalPosition: undefined,
  internalQuery: undefined,
  where: undefined,
  schema: 'asistencia',
  table: 'users',
  column: undefined,
  dataType: undefined,
  constraint: 'users_position_id_fkey',
  file: 'ri_triggers.c',
  line: '2621',
  routine: 'ri_ReportViolation'
}
CargoInUseError: El cargo está asignado a uno o más empleados
    at PrismaCargoRepository.delete (C:\Users\SISTEMAS\Documents\dusakawi\dusakawi-epsi-asistencia\backend\src\modules\cargos\infrastructure\persistence\repositories\prisma\prisma-cargo-repository.ts:63:15)
    at process.processTicksAndRejections (node:internal/process/task_queues:104:5)
    at async DeleteCargoCommandHandler.handle (C:\Users\SISTEMAS\Documents\dusakawi\dusakawi-epsi-asistencia\backend\src\modules\cargos\application\use-cases\delete-cargo\delete-cargo-command.handler.ts:12:5)
    at async deleteCargo (C:\Users\SISTEMAS\Documents\dusakawi\dusakawi-epsi-asistencia\backend\src\modules\cargos\presentation\controllers\cargos.controller.ts:87:23) {
  metadata: undefined,
  code: 'CARGO_IN_USE'
}
Conectado a PostgreSQL
4:14:58 p. m. [tsx] change in ./src\modules\cargos\presentation\cargos.presentation.ts Restarting...
◇ injected env (0) from .env // tip: ⌁ auth for agents [www.vestauth.com]
C:\Users\SISTEMAS\Documents\dusakawi\dusakawi-epsi-asistencia\backend\src\main.ts:38
cargos.addRoutesV2(app);
       ^

TypeError: cargos.addRoutesV2 is not a function
    at <anonymous> (C:\Users\SISTEMAS\Documents\dusakawi\dusakawi-epsi-asistencia\backend\src\main.ts:38:8)
    at ModuleJob.run (node:internal/modules/esm/module_job:439:25)
    at async node:internal/modules/esm/loader:643:26
    at async asyncRunEntryPointWithESMLoader (node:internal/modules/run_main:101:5)

Node.js v24.19.0
4:14:59 p. m. [tsx] change in ./src\main.ts Rerunning...
◇ injected env (0) from .env // tip: ◈ encrypted .env [www.dotenvx.com]
Servidor corriendo en puerto 5000
4:15:03 p. m. [tsx] change in ./src\main.ts Restarting...
4:15:03 p. m. [tsx] change in ./src\main.ts Restarting...
◇ injected env (0) from .env // tip: ⌘ override existing { override: true }
Servidor corriendo en puerto 5000
4:15:13 p. m. [tsx] unlink in ./src\services\cargoService.js Rerunning...
◇ injected env (0) from .env // tip: ◈ encrypted .env [www.dotenvx.com]
Servidor corriendo en puerto 5000
