◇ injected env (0) from .env // tip: ⌘ custom filepath { path: '/custom/path/.env' }
Servidor corriendo en puerto 5000
◇ injected env (0) from .env // tip: ◈ encrypted .env [www.dotenvx.com]
Servidor corriendo en puerto 5000
◇ injected env (0) from .env // tip: ⌘ enable debugging { debug: true }
Servidor corriendo en puerto 5000
Conectado a PostgreSQL
Conectado a PostgreSQL
Conectado a PostgreSQL
Conectado a PostgreSQL
Conectado a PostgreSQL
◇ injected env (0) from .env // tip: ⌘ override existing { override: true }
Servidor corriendo en puerto 5000
Conectado a PostgreSQL
◇ injected env (0) from .env // tip: ◈ encrypted .env [www.dotenvx.com]
Servidor corriendo en puerto 5000
◇ injected env (0) from .env // tip: ⌁ auth for agents [www.vestauth.com]
Servidor corriendo en puerto 5000
◇ injected env (0) from .env // tip: ⌘ custom filepath { path: '/custom/path/.env' }
Servidor corriendo en puerto 5000
Conectado a PostgreSQL
Conectado a PostgreSQL
Conectado a PostgreSQL
◇ injected env (0) from .env // tip: ⌘ custom filepath { path: '/custom/path/.env' }
Servidor corriendo en puerto 5000
Conectado a PostgreSQL
Conectado a PostgreSQL
Conectado a PostgreSQL
Conectado a PostgreSQL
Conectado a PostgreSQL
Conectado a PostgreSQL
◇ injected env (0) from .env // tip: ◈ secrets for agents [www.dotenvx.com]
Servidor corriendo en puerto 5000
Conectado a PostgreSQL
Conectado a PostgreSQL
Conectado a PostgreSQL
Conectado a PostgreSQL
Conectado a PostgreSQL
Conectado a PostgreSQL
◇ injected env (0) from .env // tip: ◈ encrypted .env [www.dotenvx.com]
Servidor corriendo en puerto 5000
Conectado a PostgreSQL
[EMAIL] Enviado a torresaaronjuliana@gmail.com
◇ injected env (0) from .env // tip: ⌘ multiple files { path: ['.env.local', '.env'] }
Servidor corriendo en puerto 5000
[EMAIL] Enviado a torresaaronjuliana@gmail.com
◇ injected env (0) from .env // tip: ◈ encrypted .env [www.dotenvx.com]
Servidor corriendo en puerto 5000
[EMAIL] Enviado a torresaaronjuliana@gmail.com
Conectado a PostgreSQL
◇ injected env (0) from .env // tip: ◈ secrets for agents [www.dotenvx.com]
Servidor corriendo en puerto 5000
◇ injected env (0) from .env // tip: ⌘ suppress logs { quiet: true }
Servidor corriendo en puerto 5000
◇ injected env (0) from .env // tip: ⌘ custom filepath { path: '/custom/path/.env' }
Servidor corriendo en puerto 5000
◇ injected env (0) from .env // tip: ⌘ override existing { override: true }
Servidor corriendo en puerto 5000
